ikedayuuji@ikedayuujinoMacBook-Air git_challenge % git init
Reinitialized existing Git repository in /Users/ikedayuuji/git_challenge/.git/
ikedayuuji@ikedayuujinoMacBook-Air git_challenge % git add .
ikedayuuji@ikedayuujinoMacBook-Air git_challenge % git commit -m "1回目"
[main 273c1e3] 1回目
 2 files changed, 2 deletions(-)
 create mode 100644 .DS_Store
ikedayuuji@ikedayuujinoMacBook-Air git_challenge % git add .
ikedayuuji@ikedayuujinoMacBook-Air git_challenge % git commit -m "2回目"
[main 66ed470] 2回目
 1 file changed, 2 insertions(+)
ikedayuuji@ikedayuujinoMacBook-Air git_challenge % git log
commit 66ed470346ce4ce07445f49d654db8a0545eeec9 (HEAD -> main)
Author: Yuji0402 <ikeyuu0402@gmail.com>
Date:   Thu Apr 30 11:07:30 2026 +0900
:...skipping...
commit 66ed470346ce4ce07445f49d654db8a0545eeec9 (HEAD -> main)
Author: Yuji0402 <ikeyuu0402@gmail.com>
Date:   Thu Apr 30 11:07:30 2026 +0900

:...skipping...
commit 66ed470346ce4ce07445f49d654db8a0545eeec9 (HEAD -> main)
Author: Yuji0402 <ikeyuu0402@gmail.com>
Date:   Thu Apr 30 11:07:30 2026 +0900

    2回目
:...skipping...
commit 66ed470346ce4ce07445f49d654db8a0545eeec9 (HEAD -> main)
Author: Yuji0402 <ikeyuu0402@gmail.com>
Date:   Thu Apr 30 11:07:30 2026 +0900

    2回目

:...skipping...
commit 66ed470346ce4ce07445f49d654db8a0545eeec9 (HEAD -> main)
Author: Yuji0402 <ikeyuu0402@gmail.com>
Date:   Thu Apr 30 11:07:30 2026 +0900

    2回目

commit 273c1e34e67d0c0eac22f345a3445ae3e24fdaa7
:...skipping...
commit 66ed470346ce4ce07445f49d654db8a0545eeec9 (HEAD -> main)
Author: Yuji0402 <ikeyuu0402@gmail.com>
Date:   Thu Apr 30 11:07:30 2026 +0900

    2回目

commit 273c1e34e67d0c0eac22f345a3445ae3e24fdaa7
Author: Yuji0402 <ikeyuu0402@gmail.com>
:...skipping...
commit 66ed470346ce4ce07445f49d654db8a0545eeec9 (HEAD -> main)
Author: Yuji0402 <ikeyuu0402@gmail.com>
Date:   Thu Apr 30 11:07:30 2026 +0900

    2回目

commit 273c1e34e67d0c0eac22f345a3445ae3e24fdaa7
Author: Yuji0402 <ikeyuu0402@gmail.com>
Date:   Thu Apr 30 11:06:55 2026 +0900
:...skipping...
commit 66ed470346ce4ce07445f49d654db8a0545eeec9 (HEAD -> main)
Author: Yuji0402 <ikeyuu0402@gmail.com>
Date:   Thu Apr 30 11:07:30 2026 +0900

    2回目

commit 273c1e34e67d0c0eac22f345a3445ae3e24fdaa7
Author: Yuji0402 <ikeyuu0402@gmail.com>
Date:   Thu Apr 30 11:06:55 2026 +0900

:...skipping...
commit 66ed470346ce4ce07445f49d654db8a0545eeec9 (HEAD -> main)
Author: Yuji0402 <ikeyuu0402@gmail.com>
Date:   Thu Apr 30 11:07:30 2026 +0900

    2回目

commit 273c1e34e67d0c0eac22f345a3445ae3e24fdaa7
Author: Yuji0402 <ikeyuu0402@gmail.com>
Date:   Thu Apr 30 11:06:55 2026 +0900

    1回目
:...skipping...
commit 66ed470346ce4ce07445f49d654db8a0545eeec9 (HEAD -> main)
Author: Yuji0402 <ikeyuu0402@gmail.com>
Date:   Thu Apr 30 11:07:30 2026 +0900

    2回目

commit 273c1e34e67d0c0eac22f345a3445ae3e24fdaa7
Author: Yuji0402 <ikeyuu0402@gmail.com>
Date:   Thu Apr 30 11:06:55 2026 +0900

    1回目

:...skipping...
commit 66ed470346ce4ce07445f49d654db8a0545eeec9 (HEAD -> main)
Author: Yuji0402 <ikeyuu0402@gmail.com>
Date:   Thu Apr 30 11:07:30 2026 +0900

    2回目

commit 273c1e34e67d0c0eac22f345a3445ae3e24fdaa7
Author: Yuji0402 <ikeyuu0402@gmail.com>
Date:   Thu Apr 30 11:06:55 2026 +0900

    1回目

commit 2e447c6cc921a6f6aa582da33001af