ikedayuuji@ikedayuujinoMacBook-Air git_challenge % git init
Initialized empty Git repository in /Users/ikedayuuji/git_challenge/.git/
ikedayuuji@ikedayuujinoMacBook-Air git_challenge % git add hello_world.txt
ikedayuuji@ikedayuujinoMacBook-Air git_challenge % git commit -m "1回目"
[main (root-commit) 9736a68] 1回目
 1 file changed, 1 insertion(+)
 create mode 100644 hello_world.txt
ikedayuuji@ikedayuujinoMacBook-Air git_challenge % git add hello_world.txt
ikedayuuji@ikedayuujinoMacBook-Air git_challenge % git commit -m "2回目"
[main 2e447c6] 2回目
 1 file changed, 2 insertions(+), 1 deletion(-)
ikedayuuji@ikedayuujinoMacBook-Air git_challenge % git log
commit 2e447c6cc921a6f6aa582da33001af578ebcdefe (HEAD -> main)
Author: Yuji0402 <ikeyuu0402@gmail.com>
Date:   Thu Apr 30 10:42:59 2026 +0900

    2回目

commit 9736a68fcfe275822ba5e0d2ba8ce1e7db12eeba
Author: Yuji0402 <ikeyuu0402@gmail.com>
Date:   Thu Apr 30 10:42:02 2026 +0900

    1回目